WARNING: rtl/instruction_memory.v:11: $readmemb(programs/test_program.mem): Not enough words in the file for the requested range [0:255].

==============================================
 MINIRISC V2 - RETIREMENT TRACKER
==============================================

RETIRE #1 | PC=0 | LDI   | INSTR=0001001000001100
RETIRE #2 | PC=1 | LDI   | INSTR=0001010000000101
RETIRE #3 | PC=2 | MOV   | INSTR=0010011001000000
RETIRE #4 | PC=3 | SUB   | INSTR=0100011010000000
RETIRE #5 | PC=4 | AND   | INSTR=0101001010000000
RETIRE #6 | PC=5 | OR    | INSTR=0110001010000000
RETIRE #7 | PC=6 | XOR   | INSTR=0111001010000000
RETIRE #8 | PC=7 | LDI   | INSTR=0001100000101010
RETIRE #9 | PC=8 | STORE | INSTR=1001100000010100
RETIRE #10 | PC=9 | LOAD  | INSTR=1000101000010100
RETIRE #11 | PC=10 | NOP   | INSTR=0000000000000000
RETIRE #12 | PC=11 | HALT  | INSTR=1111000000000000

==============================================
 RETIREMENT TRACKING SUMMARY
==============================================
Normal retirements = 11
HALT retirements   = 1
Total retirements  = 12

Assertion checks   = 17
Assertion failures = 0

RETIREMENT TRACKING: PASS
==============================================

verification/tests/minirisc_retirement_tracker_tb.sv:477: $finish called at 490000 (1ps)
