WARNING: rtl/instruction_memory.v:11: $readmemb(programs/halt_reset_test.mem): Not enough words in the file for the requested range [0:255].

==============================================
 MINIRISC V2 - CPU HALT/RESET ASSERTIONS
==============================================

CHECKING INITIAL RESET...

RUNNING CPU - FIRST EXECUTION...
CPU HALTED | PC=1 STATE=4 R1=7

CHECKING HALT STABILITY FOR 5 CYCLES...
Saved HALT state | PC=1 R1=7

RESETTING CPU WHILE HALTED...

RUNNING CPU - SECOND EXECUTION...
CPU HALTED AGAIN | PC=1 STATE=4 R1=7

==============================================
 CPU HALT/RESET ASSERTION SUMMARY
==============================================
Assertion checks   = 36
Assertion failures = 0

CPU HALT/RESET ASSERTIONS: PASS
==============================================

verification/tests/minirisc_halt_reset_assertion_tb.sv:591: $finish called at 186000 (1ps)
