
==============================================
 MINIRISC V2 - EDGE PROGRAM GENERATOR
==============================================

000 | 0001000000000000 | LDI R0, 0
001 | 0001001000000001 | LDI R1, 1
002 | 0001010011111110 | LDI R2, 254
003 | 0001011011111111 | LDI R3, 255
004 | 0001100011111111 | LDI R4, 255
005 | 0001101000000001 | LDI R5, 1
006 | 0011100101000000 | ADD R4, R5
007 | 0001110011111111 | LDI R6, 255
008 | 0001111011111111 | LDI R7, 255
009 | 0011110111000000 | ADD R6, R7
010 | 0100001001000000 | SUB R1, R1
011 | 0001001000000000 | LDI R1, 0
012 | 0100001101000000 | SUB R1, R5
013 | 0101000011000000 | AND R0, R3
014 | 0110000011000000 | OR R0, R3
015 | 0111011011000000 | XOR R3, R3
016 | 0001010011111110 | LDI R2, 254
017 | 0001101000000001 | LDI R5, 1
018 | 0011010101000000 | ADD R2, R5
019 | 0001010011111111 | LDI R2, 255
020 | 0011010101000000 | ADD R2, R5
021 | 0001011000101010 | LDI R3, 42
022 | 0010000011000000 | MOV R0, R3
023 | 1100000011000000 | CMP R0, R3
024 | 0001111000101001 | LDI R7, 41
025 | 1100000111000000 | CMP R0, R7
026 | 0000000000000000 | NOP
027 | 1111000000000000 | HALT

Total instructions = 28
Written: programs/edge_cpu_test.mem
Written: programs/edge_cpu_test.asm
==============================================
