WARNING: rtl/instruction_memory.v:11: $readmemb(programs/random_cpu_test.mem): Not enough words in the file for the requested range [0:255].

==============================================
 MINIRISC V2 - RANDOM CPU PROGRAM
==============================================

RETIRE #1 | PC=0 | LDI   | INSTR=0001000000111100
RETIRE #2 | PC=1 | LDI   | INSTR=0001001010100011
RETIRE #3 | PC=2 | LDI   | INSTR=0001010000110100
RETIRE #4 | PC=3 | LDI   | INSTR=0001011001110010
RETIRE #5 | PC=4 | LDI   | INSTR=0001100011010111
RETIRE #6 | PC=5 | LDI   | INSTR=0001101011111011
RETIRE #7 | PC=6 | LDI   | INSTR=0001110011100001
RETIRE #8 | PC=7 | LDI   | INSTR=0001111001111010
RETIRE #9 | PC=8 | LDI   | INSTR=0001001000111000
RETIRE #10 | PC=9 | AND   | INSTR=0101001111000000
RETIRE #11 | PC=10 | LDI   | INSTR=0001111010100000
RETIRE #12 | PC=11 | SUB   | INSTR=0100110100000000
RETIRE #13 | PC=12 | OR    | INSTR=0110101110000000
RETIRE #14 | PC=13 | NOP   | INSTR=0000000000000000
RETIRE #15 | PC=14 | MOV   | INSTR=0010101001000000
RETIRE #16 | PC=15 | NOP   | INSTR=0000000000000000
RETIRE #17 | PC=16 | NOP   | INSTR=0000000000000000
RETIRE #18 | PC=17 | AND   | INSTR=0101100111000000
RETIRE #19 | PC=18 | ADD   | INSTR=0011100000000000
RETIRE #20 | PC=19 | OR    | INSTR=0110101111000000
RETIRE #21 | PC=20 | XOR   | INSTR=0111001110000000
RETIRE #22 | PC=21 | NOP   | INSTR=0000000000000000
RETIRE #23 | PC=22 | CMP   | INSTR=1100001110000000
RETIRE #24 | PC=23 | NOP   | INSTR=0000000000000000
RETIRE #25 | PC=24 | CMP   | INSTR=1100110100000000
RETIRE #26 | PC=25 | XOR   | INSTR=0111111000000000
RETIRE #27 | PC=26 | SUB   | INSTR=0100010000000000
RETIRE #28 | PC=27 | NOP   | INSTR=0000000000000000
RETIRE #29 | PC=28 | MOV   | INSTR=0010110111000000
RETIRE #30 | PC=29 | ADD   | INSTR=0011111011000000
RETIRE #31 | PC=30 | MOV   | INSTR=0010111111000000
RETIRE #32 | PC=31 | NOP   | INSTR=0000000000000000
RETIRE #33 | PC=32 | AND   | INSTR=0101110100000000
RETIRE #34 | PC=33 | HALT  | INSTR=1111000000000000

==============================================
 RANDOM CPU EXECUTION SUMMARY
==============================================
Normal retirements = 33
HALT retirements   = 1
Total retirements  = 34
Final PC           = 33
Final state        = 4
Zero               = 0
Carry              = 0
Failures           = 0

FINAL REGISTERS:
R0=60 R1=50 R2=248 R3=114
R4=188 R5=184 R6=156 R7=14

RANDOM CPU PROGRAM EXECUTION: PASS
==============================================

verification/tests/minirisc_random_program_tb.sv:474: $finish called at 1370000 (1ps)
