Warning: No PCF file specified; IO pins will be placed automatically

Info: Packing constants..
Info: Packing IOs..
Info: Packing LUT-FFs..
Info:     2442 LCs used as LUT4 only
Info:       58 LCs used as LUT4 and DFF
Info: Packing non-LUT FFs..
Info:     2124 LCs used as DFF only
Info: Packing carries..
Info:        3 LCs used as CARRY only
Info: Packing indirect carry+LUT pairs...
Info:        0 LUTs merged into carry LCs
Info: Packing RAMs..
Info: Placing PLLs..
Info: Packing special functions..
Info: Packing PLLs..
Info: Promoting globals..
Info: promoting clk$SB_IO_IN (fanout 2183)
Info: promoting $PACKER_GND_NET (fanout 1)
Info: Constraining chains...
Info:        2 LCs used to legalise carry chains.
Info: Checksum: 0x939f29da

Info: Device utilisation:
Info: 	         ICESTORM_LC:    4631/   7680    60%
Info: 	        ICESTORM_RAM:       1/     32     3%
Info: 	               SB_IO:      11/    206     5%
Info: 	               SB_GB:       2/      8    25%
Info: 	        ICESTORM_PLL:       0/      2     0%
Info: 	         SB_WARMBOOT:       0/      1     0%

Info: Placed 0 cells based on constraints.
Info: Creating initial analytic placement for 4581 cells, random placement wirelen = 111994.
Info:     at initial placer iter 0, wirelen = 264
Info:     at initial placer iter 1, wirelen = 262
Info:     at initial placer iter 2, wirelen = 290
Info:     at initial placer iter 3, wirelen = 262
Info: Running main analytical placer, max placement attempts per cell = 2697003.
Info:     at iteration #1, type ALL: wirelen solved = 254, spread = 22897, legal = 35485; time = 0.40s
Info:     at iteration #2, type ALL: wirelen solved = 666, spread = 13851, legal = 21776; time = 0.16s
Info:     at iteration #3, type ALL: wirelen solved = 1353, spread = 13158, legal = 21173; time = 0.57s
Info:     at iteration #4, type ALL: wirelen solved = 2449, spread = 12116, legal = 19731; time = 0.15s
Info:     at iteration #5, type ALL: wirelen solved = 2975, spread = 11208, legal = 17537; time = 0.12s
Info:     at iteration #6, type ALL: wirelen solved = 3598, spread = 10660, legal = 17042; time = 0.10s
Info:     at iteration #7, type ALL: wirelen solved = 3987, spread = 10196, legal = 16494; time = 0.09s
Info:     at iteration #8, type ALL: wirelen solved = 4053, spread = 9947, legal = 16819; time = 0.12s
Info:     at iteration #9, type ALL: wirelen solved = 4291, spread = 9878, legal = 16282; time = 0.15s
Info:     at iteration #10, type ALL: wirelen solved = 4779, spread = 9584, legal = 15867; time = 0.10s
Info:     at iteration #11, type ALL: wirelen solved = 5012, spread = 9482, legal = 15800; time = 0.23s
Info:     at iteration #12, type ALL: wirelen solved = 5223, spread = 9392, legal = 15691; time = 0.09s
Info:     at iteration #13, type ALL: wirelen solved = 5366, spread = 9304, legal = 15762; time = 0.09s
Info:     at iteration #14, type ALL: wirelen solved = 5498, spread = 9335, legal = 15474; time = 0.10s
Info:     at iteration #15, type ALL: wirelen solved = 5598, spread = 9304, legal = 15677; time = 0.11s
Info:     at iteration #16, type ALL: wirelen solved = 5800, spread = 9218, legal = 15316; time = 0.09s
Info:     at iteration #17, type ALL: wirelen solved = 5881, spread = 9233, legal = 15751; time = 0.15s
Info:     at iteration #18, type ALL: wirelen solved = 6121, spread = 9310, legal = 15508; time = 0.17s
Info:     at iteration #19, type ALL: wirelen solved = 6127, spread = 9459, legal = 15592; time = 0.12s
Info:     at iteration #20, type ALL: wirelen solved = 6468, spread = 9338, legal = 15637; time = 0.22s
Info:     at iteration #21, type ALL: wirelen solved = 6506, spread = 9398, legal = 15296; time = 0.14s
Info:     at iteration #22, type ALL: wirelen solved = 6713, spread = 9347, legal = 15211; time = 0.09s
Info:     at iteration #23, type ALL: wirelen solved = 6761, spread = 9436, legal = 15285; time = 0.08s
Info:     at iteration #24, type ALL: wirelen solved = 6878, spread = 9364, legal = 15232; time = 0.08s
Info:     at iteration #25, type ALL: wirelen solved = 6849, spread = 9276, legal = 14803; time = 0.08s
Info:     at iteration #26, type ALL: wirelen solved = 6955, spread = 9364, legal = 14917; time = 0.08s
Info:     at iteration #27, type ALL: wirelen solved = 7145, spread = 9387, legal = 15357; time = 0.10s
Info:     at iteration #28, type ALL: wirelen solved = 7187, spread = 9397, legal = 14738; time = 0.08s
Info:     at iteration #29, type ALL: wirelen solved = 7266, spread = 9477, legal = 15040; time = 0.09s
Info:     at iteration #30, type ALL: wirelen solved = 7341, spread = 9572, legal = 15511; time = 0.10s
Info:     at iteration #31, type ALL: wirelen solved = 7516, spread = 9468, legal = 15008; time = 0.08s
Info:     at iteration #32, type ALL: wirelen solved = 7443, spread = 9618, legal = 14899; time = 0.06s
Info:     at iteration #33, type ALL: wirelen solved = 7515, spread = 9577, legal = 14612; time = 0.07s
Info:     at iteration #34, type ALL: wirelen solved = 7678, spread = 9354, legal = 15478; time = 0.21s
Info:     at iteration #35, type ALL: wirelen solved = 8033, spread = 9816, legal = 15443; time = 0.08s
Info:     at iteration #36, type ALL: wirelen solved = 8082, spread = 9837, legal = 15376; time = 0.10s
Info:     at iteration #37, type ALL: wirelen solved = 8084, spread = 9767, legal = 15260; time = 0.08s
Info:     at iteration #38, type ALL: wirelen solved = 8238, spread = 10103, legal = 15068; time = 0.07s
Info: HeAP Placer Time: 5.35s
Info:   of which solving equations: 1.08s
Info:   of which spreading cells: 0.19s
Info:   of which strict legalisation: 3.85s

Info: Running simulated annealing placer for refinement.
Info:   at iteration #1: temp = 0.000000, timing cost = 2315, wirelen = 14612
Info:   at iteration #5: temp = 0.000000, timing cost = 2432, wirelen = 12708
Info:   at iteration #10: temp = 0.000000, timing cost = 2270, wirelen = 12004
Info:   at iteration #15: temp = 0.000000, timing cost = 2163, wirelen = 11620
Info:   at iteration #20: temp = 0.000000, timing cost = 2193, wirelen = 11317
Info:   at iteration #25: temp = 0.000000, timing cost = 2155, wirelen = 11229
Info:   at iteration #30: temp = 0.000000, timing cost = 2137, wirelen = 11182
Info:   at iteration #30: temp = 0.000000, timing cost = 2134, wirelen = 11185 
Info: SA placement time 1.15s

Info: Max frequency for clock 'clk$SB_IO_IN_$glb_clk': 55.78 MHz (PASS at 50.00 MHz)

Info: Clock '$PACKER_GND_NET_$glb_clk' has no interior paths

Info: Max delay <async>                       -> posedge clk$SB_IO_IN_$glb_clk: 1.51 ns
Info: Max delay posedge clk$SB_IO_IN_$glb_clk -> <async>                      : 3.48 ns

Info: Slack histogram:
Info:  legend: * represents 20 endpoint(s)
Info:          + represents [1,20) endpoint(s)
Info: [  2071,   2907) |*+
Info: [  2907,   3743) |*+
Info: [  3743,   4579) |+
Info: [  4579,   5415) | 
Info: [  5415,   6251) | 
Info: [  6251,   7087) |+
Info: [  7087,   7923) |+
Info: [  7923,   8759) |******+
Info: [  8759,   9595) |*************************+
Info: [  9595,  10431) |********************************************************+
Info: [ 10431,  11267) |************************************************************ 
Info: [ 11267,  12103) |******************************************+
Info: [ 12103,  12939) |*********+
Info: [ 12939,  13775) |***+
Info: [ 13775,  14611) |**+
Info: [ 14611,  15447) |+
Info: [ 15447,  16283) |+
Info: [ 16283,  17119) |*+
Info: [ 17119,  17955) |*+
Info: [ 17955,  18791) |***+
Info: Checksum: 0xdaaaa7fe

Info: Routing..
Info: Setting up routing queue.
Info: Routing 12305 arcs.
Info:            |   (re-)routed arcs  |   delta    | remaining|       time spent     |
Info:    IterCnt |  w/ripup   wo/ripup |  w/r  wo/r |      arcs| batch(sec) total(sec)|
Info:       1000 |       20        979 |   20   979 |     11351|       0.65       0.65|
Info:       2000 |       35       1964 |   15   985 |     10382|       0.19       0.84|
Info:       3000 |       79       2920 |   44   956 |      9569|       0.19       1.03|
Info:       4000 |      130       3869 |   51   949 |      8763|       0.20       1.23|
Info:       5000 |      199       4800 |   69   931 |      8181|       0.19       1.42|
Info:       6000 |      310       5689 |  111   889 |      7547|       0.18       1.61|
Info:       7000 |      439       6560 |  129   871 |      6838|       0.17       1.77|
Info:       8000 |      597       7402 |  158   842 |      6299|       0.19       1.96|
Info:       9000 |      772       8227 |  175   825 |      5831|       0.17       2.14|
Info:      10000 |     1002       8997 |  230   770 |      5485|       0.22       2.36|
Info:      11000 |     1200       9799 |  198   802 |      5283|       0.20       2.55|
Info:      12000 |     1414      10585 |  214   786 |      5018|       0.22       2.77|
Info:      13000 |     1672      11327 |  258   742 |      4654|       0.18       2.95|
Info:      14000 |     1973      12026 |  301   699 |      4048|       0.09       3.05|
Info:      15000 |     2273      12721 |  300   695 |      3582|       0.12       3.17|
Info:      16000 |     2614      13374 |  341   653 |      3268|       0.16       3.33|
Info:      17000 |     2943      14044 |  329   670 |      2827|       0.13       3.46|
Info:      18000 |     3373      14614 |  430   570 |      2463|       0.12       3.58|
Info:      19000 |     3795      15192 |  422   578 |      2039|       0.13       3.72|
Info:      20000 |     4268      15719 |  473   527 |      1689|       0.14       3.86|
Info:      21000 |     4758      16228 |  490   509 |      1379|       0.16       4.02|
Info:      22000 |     5168      16818 |  410   590 |      1255|       0.21       4.23|
Info:      23000 |     5480      17506 |  312   688 |      1157|       0.25       4.48|
Info:      24000 |     5955      18031 |  475   525 |      1030|       0.24       4.71|
Info:      25000 |     6211      18742 |  256   711 |       542|       0.18       4.89|
Info:      25672 |     6272      19354 |   61   612 |         0|       0.19       5.08|
Info: Routing complete.
Info: Router1 time 5.08s
Info: Checksum: 0x1465a800

Info: Critical path report for clock 'clk$SB_IO_IN_$glb_clk' (posedge -> posedge):
Info:       type curr  total name
Info:   clk-to-q  2.15  2.15 Source fpga_core.cpu_inst.u_imem.memory.0.0_RAM.RDATA_0
Info:    routing  1.59  3.73 Net fpga_core.cpu_inst.u_imem.memory.0.0_RDATA_1[2] (8,17) -> (13,17)
Info:                          Sink fpga_core.cpu_inst.u_imem.memory.0.0_RDATA_SB_LUT4_I1_O_SB_LUT4_O_LC.I3
Info:                          Defined in:
Info:                               /opt/homebrew/bin/../share/yosys/ice40/cells_map.v:6.21-6.22
Info:      logic  0.31  4.05 Source fpga_core.cpu_inst.u_imem.memory.0.0_RDATA_SB_LUT4_I1_O_SB_LUT4_O_LC.O
Info:    routing  2.80  6.85 Net fpga_core.cpu_inst.u_fsm.state_SB_DFFSR_Q_1_D_SB_LUT4_O_I3_SB_LUT4_I1_O_SB_LUT4_I3_1_O_SB_LUT4_I3_1_O[1] (13,17) -> (21,1)
Info:                          Sink fpga_core.cpu_inst.u_imem.memory.0.0_RDATA_6_SB_LUT4_I0_I3_SB_LUT4_O_1_I3_SB_LUT4_O_1_I3_SB_LUT4_O_1_LC.I2
Info:                          Defined in:
Info:                               /opt/homebrew/bin/../share/yosys/ice40/cells_map.v:6.21-6.22
Info:      logic  0.38  7.23 Source fpga_core.cpu_inst.u_imem.memory.0.0_RDATA_6_SB_LUT4_I0_I3_SB_LUT4_O_1_I3_SB_LUT4_O_1_I3_SB_LUT4_O_1_LC.O
Info:    routing  0.59  7.82 Net fpga_core.cpu_inst.u_imem.memory.0.0_RDATA_6_SB_LUT4_I0_I3_SB_LUT4_O_1_I3_SB_LUT4_O_1_I3[2] (21,1) -> (20,2)
Info:                          Sink fpga_core.cpu_inst.u_imem.memory.0.0_RDATA_6_SB_LUT4_I0_I3_SB_LUT4_O_1_I3_SB_LUT4_O_1_LC.I3
Info:                          Defined in:
Info:                               /opt/homebrew/bin/../share/yosys/ice40/cells_map.v:6.21-6.22
Info:      logic  0.31  8.13 Source fpga_core.cpu_inst.u_imem.memory.0.0_RDATA_6_SB_LUT4_I0_I3_SB_LUT4_O_1_I3_SB_LUT4_O_1_LC.O
Info:    routing  1.27  9.41 Net fpga_core.cpu_inst.u_imem.memory.0.0_RDATA_6_SB_LUT4_I0_I3_SB_LUT4_O_1_I3[1] (20,2) -> (17,3)
Info:                          Sink fpga_core.cpu_inst.u_imem.memory.0.0_RDATA_6_SB_LUT4_I0_I3_SB_LUT4_O_1_LC.I1
Info:                          Defined in:
Info:                               /opt/homebrew/bin/../share/yosys/ice40/cells_map.v:6.21-6.22
Info:      logic  0.40  9.81 Source fpga_core.cpu_inst.u_imem.memory.0.0_RDATA_6_SB_LUT4_I0_I3_SB_LUT4_O_1_LC.O
Info:    routing  3.02  12.82 Net fpga_core.cpu_inst.u_imem.memory.0.0_RDATA_6_SB_LUT4_I0_I3[3] (17,3) -> (7,16)
Info:                          Sink fpga_core.cpu_inst.u_imem.memory.0.0_RDATA_6_SB_LUT4_I0_LC.I3
Info:                          Defined in:
Info:                               /opt/homebrew/bin/../share/yosys/ice40/cells_map.v:6.21-6.22
Info:      logic  0.31  13.14 Source fpga_core.cpu_inst.u_imem.memory.0.0_RDATA_6_SB_LUT4_I0_LC.O
Info:    routing  0.59  13.73 Net fpga_core.cpu_inst.u_imem.memory.0.0_RDATA_6_SB_LUT4_I0_O[3] (7,16) -> (7,17)
Info:                          Sink fpga_core.cpu_inst.u_imem.memory.0.0_RDATA_6_SB_LUT4_I0_O_SB_LUT4_I3_LC.I3
Info:                          Defined in:
Info:                               /opt/homebrew/bin/../share/yosys/ice40/cells_map.v:6.21-6.22
Info:      logic  0.31  14.04 Source fpga_core.cpu_inst.u_imem.memory.0.0_RDATA_6_SB_LUT4_I0_O_SB_LUT4_I3_LC.O
Info:    routing  0.90  14.94 Net fpga_core.cpu_inst.u_imem.memory.0.0_RDATA_6_SB_LUT4_I0_O_SB_LUT4_I3_O[1] (7,17) -> (10,17)
Info:                          Sink fpga_core.cpu_inst.u_status.carry_flag_SB_DFFESR_Q_D_SB_LUT4_O_I3_SB_CARRY_CO_CI_SB_CARRY_CO_CI_SB_CARRY_CO_CI_SB_CARRY_CO_CI_SB_CARRY_CO_CI_SB_CARRY_CO_CI_SB_LUT4_I3_O_SB_LUT4_O_I3_SB_CARRY_CI_CO_SB_CARRY_CI_CO_SB_LUT4_I3_O_SB_LUT4_I3_O_SB_LUT4_O_LC.I1
Info:                          Defined in:
Info:                               /opt/homebrew/bin/../share/yosys/ice40/cells_map.v:6.21-6.22
Info:      logic  0.40  15.34 Source fpga_core.cpu_inst.u_status.carry_flag_SB_DFFESR_Q_D_SB_LUT4_O_I3_SB_CARRY_CO_CI_SB_CARRY_CO_CI_SB_CARRY_CO_CI_SB_CARRY_CO_CI_SB_CARRY_CO_CI_SB_CARRY_CO_CI_SB_LUT4_I3_O_SB_LUT4_O_I3_SB_CARRY_CI_CO_SB_CARRY_CI_CO_SB_LUT4_I3_O_SB_LUT4_I3_O_SB_LUT4_O_LC.O
Info:    routing  1.27  16.62 Net fpga_core.cpu_inst.u_status.carry_flag_SB_DFFESR_Q_D_SB_LUT4_O_I3_SB_CARRY_CO_CI_SB_CARRY_CO_CI_SB_CARRY_CO_CI_SB_CARRY_CO_CI_SB_CARRY_CO_CI_SB_CARRY_CO_CI_SB_LUT4_I3_O_SB_LUT4_O_I3_SB_CARRY_CI_CO_SB_CARRY_CI_CO_SB_LUT4_I3_O_SB_LUT4_I3_O[3] (10,17) -> (10,14)
Info:                          Sink fpga_core.cpu_inst.u_status.carry_flag_SB_DFFESR_Q_D_SB_LUT4_O_I3_SB_CARRY_CO_CI_SB_CARRY_CO_CI_SB_CARRY_CO_CI_SB_CARRY_CO_CI_SB_CARRY_CO_CI_SB_CARRY_CO_CI_SB_LUT4_I3_O_SB_LUT4_O_I3_SB_CARRY_CI_CO_SB_CARRY_CI_CO_SB_LUT4_I3_O_SB_LUT4_I3_O_SB_LUT4_I3_LC.I3
Info:                          Defined in:
Info:                               /opt/homebrew/bin/../share/yosys/ice40/cells_map.v:6.21-6.22
Info:      logic  0.31  16.93 Source fpga_core.cpu_inst.u_status.carry_flag_SB_DFFESR_Q_D_SB_LUT4_O_I3_SB_CARRY_CO_CI_SB_CARRY_CO_CI_SB_CARRY_CO_CI_SB_CARRY_CO_CI_SB_CARRY_CO_CI_SB_CARRY_CO_CI_SB_LUT4_I3_O_SB_LUT4_O_I3_SB_CARRY_CI_CO_SB_CARRY_CI_CO_SB_LUT4_I3_O_SB_LUT4_I3_O_SB_LUT4_I3_LC.O
Info:    routing  1.33  18.26 Net fpga_core.cpu_inst.u_status.carry_flag_SB_DFFESR_Q_D_SB_LUT4_O_I3_SB_CARRY_CO_CI_SB_CARRY_CO_CI_SB_CARRY_CO_CI_SB_CARRY_CO_CI_SB_CARRY_CO_CI_SB_CARRY_CO_CI_SB_LUT4_I3_O_SB_LUT4_O_I3_SB_CARRY_CI_CO_SB_CARRY_CI_CO_SB_LUT4_I3_O_SB_LUT4_I3_O_SB_LUT4_I3_O (10,14) -> (10,9)
Info:                          Sink fpga_core.cpu_inst.u_regfile.registers[6]_SB_DFFESR_Q_2_DFFLC.I0
Info:      setup  0.47  18.73 Source fpga_core.cpu_inst.u_regfile.registers[6]_SB_DFFESR_Q_2_DFFLC.I0
Info: 5.36 ns logic, 13.36 ns routing

Info: Critical path report for cross-domain path '<async>' -> 'posedge clk$SB_IO_IN_$glb_clk':
Info:       type curr  total name
Info:     source  0.00  0.00 Source reset$sb_io.D_IN_0
Info:    routing  1.42  1.42 Net reset$SB_IO_IN (33,16) -> (27,16)
Info:                          Sink fpga_core.reset_sync_inst.reset_ff_SB_DFFS_Q_DFFLC.SR
Info:                          Defined in:
Info:                               fpga/rtl/minirisc_ice40_top.v:11.16-11.21
Info:      setup  0.10  1.52 Source fpga_core.reset_sync_inst.reset_ff_SB_DFFS_Q_DFFLC.SR
Info: 0.10 ns logic, 1.42 ns routing

Info: Critical path report for cross-domain path 'posedge clk$SB_IO_IN_$glb_clk' -> '<async>':
Info:       type curr  total name
Info:   clk-to-q  0.54  0.54 Source fpga_core.cpu_inst.u_status.carry_flag_SB_DFFESR_Q_D_SB_LUT4_O_LC.O
Info:    routing  3.03  3.57 Net carry_debug (7,12) -> (2,33)
Info:                          Sink led[2]$sb_io.D_OUT_0
Info:                          Defined in:
Info:                               fpga/rtl/minirisc_ice40_top.v:13.23-13.26
Info: 0.54 ns logic, 3.03 ns routing

Info: Max frequency for clock 'clk$SB_IO_IN_$glb_clk': 53.39 MHz (PASS at 50.00 MHz)

Info: Clock '$PACKER_GND_NET_$glb_clk' has no interior paths

Info: Max delay <async>                       -> posedge clk$SB_IO_IN_$glb_clk: 1.52 ns
Info: Max delay posedge clk$SB_IO_IN_$glb_clk -> <async>                      : 3.57 ns

Info: Slack histogram:
Info:  legend: * represents 20 endpoint(s)
Info:          + represents [1,20) endpoint(s)
Info: [  1270,   2146) |+
Info: [  2146,   3022) |*+
Info: [  3022,   3898) |+
Info: [  3898,   4774) | 
Info: [  4774,   5650) | 
Info: [  5650,   6526) | 
Info: [  6526,   7402) |+
Info: [  7402,   8278) |*******+
Info: [  8278,   9154) |*******************************************+
Info: [  9154,  10030) |*****************************************************+
Info: [ 10030,  10906) |************************************************************ 
Info: [ 10906,  11782) |*********************************+
Info: [ 11782,  12658) |****+
Info: [ 12658,  13534) |***+
Info: [ 13534,  14410) |*+
Info: [ 14410,  15286) |*+
Info: [ 15286,  16162) |*+
Info: [ 16162,  17038) |*+
Info: [ 17038,  17914) |+
Info: [ 17914,  18790) |**+
1 warning, 0 errors

Info: Program finished normally.
